# captured=2026-08-26
# host_model=MacBook_Pro_Mac15,7
# cpu=Apple_M3_Pro_12_cores_6P_6E
# memory_bytes=19327352832
# os=macOS_26.5.2_25F84
# architecture=arm64
# measurement_context=codex_agent_active
# acceptance=observation_only_due_to_competing_workload
# silex_mode=release_default
# cpp_mode=Release
# silex_version=0.41.0
# silex_toolchain_commit=a48d2ddacd1ba251f07d1e8dd67bc721205522da
# gfx_commit=a44a9784c17e2b23ce9f3a1b1d150ad0e6693971
# gfx_assets_commit=443d9d9b64cf23a2a9ab799509be07361537c9bc
# gfx_canvas_commit=6274897611142dd12b4204c6e83152bdbd8f749d
# gfx_ecs_commit=33e6d48a259b86136b3dfa1ab9d0aed6d56e7ef7
# gfx_gpu_commit=93af3caf52900c950a3e3a71a51b674f6f47991b
# gfx_rendering_commit=dbdfe10960389930c89a1d6ca69fef35d033fb9c
# gfx_scene2d_commit=1cec5debfa8e1b1219913027e0b3768747f34b4d
# std_commit=0991a055730ac2c5e4eb274cf13dee823ba01a9d
# cpp_compiler=Apple_Clang_21.0.0_clang-2100.1.1.101
# cmake_version=3.31.2
# sdl_version=3.4.8
# entt_commit=85c6bba014049b5de8fad49d25424df2f1f6a8c1
# protocol=one_discarded_warmup_per_executable_then_seven_isolated_rotated_five_second_runs
# rotation=silex_cpp-architectural_cpp-direct
# count=4000
# presentation=immediate
# round=1
SILEX_GFX_BOIDS count=4000 present=immediate fps=81.47512 window=960.0x640.0 pixels=1920.0x1280.0 scale=2.0 density=2.0
CPP_ARCHITECTURAL_BOIDS count=4000 ecs=entt renderer=sdl_gpu present=immediate fps=84.83514 window=960x640 pixels=1920x1280 scale=2.00000 density=2.00000
CPP_DIRECT_BOIDS count=4000 present=immediate fps=84.14582 window=960x640 pixels=1920x1280 scale=2.00000 density=2.00000
# round=2
SILEX_GFX_BOIDS count=4000 present=immediate fps=81.664444 window=960.0x640.0 pixels=1920.0x1280.0 scale=2.0 density=2.0
CPP_ARCHITECTURAL_BOIDS count=4000 ecs=entt renderer=sdl_gpu present=immediate fps=85.06537 window=960x640 pixels=1920x1280 scale=2.00000 density=2.00000
CPP_DIRECT_BOIDS count=4000 present=immediate fps=84.29911 window=960x640 pixels=1920x1280 scale=2.00000 density=2.00000
# round=3
SILEX_GFX_BOIDS count=4000 present=immediate fps=81.4424 window=960.0x640.0 pixels=1920.0x1280.0 scale=2.0 density=2.0
CPP_ARCHITECTURAL_BOIDS count=4000 ecs=entt renderer=sdl_gpu present=immediate fps=84.76295 window=960x640 pixels=1920x1280 scale=2.00000 density=2.00000
CPP_DIRECT_BOIDS count=4000 present=immediate fps=84.08844 window=960x640 pixels=1920x1280 scale=2.00000 density=2.00000
# round=4
SILEX_GFX_BOIDS count=4000 present=immediate fps=81.77617 window=960.0x640.0 pixels=1920.0x1280.0 scale=2.0 density=2.0
CPP_ARCHITECTURAL_BOIDS count=4000 ecs=entt renderer=sdl_gpu present=immediate fps=84.68891 window=960x640 pixels=1920x1280 scale=2.00000 density=2.00000
CPP_DIRECT_BOIDS count=4000 present=immediate fps=84.04111 window=960x640 pixels=1920x1280 scale=2.00000 density=2.00000
# round=5
SILEX_GFX_BOIDS count=4000 present=immediate fps=81.67409 window=960.0x640.0 pixels=1920.0x1280.0 scale=2.0 density=2.0
CPP_ARCHITECTURAL_BOIDS count=4000 ecs=entt renderer=sdl_gpu present=immediate fps=84.53534 window=960x640 pixels=1920x1280 scale=2.00000 density=2.00000
CPP_DIRECT_BOIDS count=4000 present=immediate fps=84.13483 window=960x640 pixels=1920x1280 scale=2.00000 density=2.00000
# round=6
SILEX_GFX_BOIDS count=4000 present=immediate fps=81.265434 window=960.0x640.0 pixels=1920.0x1280.0 scale=2.0 density=2.0
CPP_ARCHITECTURAL_BOIDS count=4000 ecs=entt renderer=sdl_gpu present=immediate fps=84.59310 window=960x640 pixels=1920x1280 scale=2.00000 density=2.00000
CPP_DIRECT_BOIDS count=4000 present=immediate fps=84.11005 window=960x640 pixels=1920x1280 scale=2.00000 density=2.00000
# round=7
SILEX_GFX_BOIDS count=4000 present=immediate fps=81.6976 window=960.0x640.0 pixels=1920.0x1280.0 scale=2.0 density=2.0
CPP_ARCHITECTURAL_BOIDS count=4000 ecs=entt renderer=sdl_gpu present=immediate fps=84.85706 window=960x640 pixels=1920x1280 scale=2.00000 density=2.00000
CPP_DIRECT_BOIDS count=4000 present=immediate fps=84.01880 window=960x640 pixels=1920x1280 scale=2.00000 density=2.00000
